[36mvite v7.3.1 [32mbuilding ssr environment for production...[36m[39m
transforming...
[32mÔ£ô[39m 196 modules transformed.
